+ echo ''

+ echo ====================================
====================================
+ echo 'Starting FC Production'
Starting FC Production
++ date
+ echo 'Mon May 11 09:34:47 AM AEST 2026'
Mon May 11 09:34:47 AM AEST 2026
+ echo ====================================
====================================
+ echo ''

+ '[' '!' -d /home/lindsey/fc-production ']'
+ '[' '!' -d /home/lindsey/fc-production/frontend ']'
+ '[' '!' -d /home/lindsey/fc-production/backend ']'
+ kill_port 3000
+ PORT=3000
+ command -v lsof
++ lsof -ti tcp:3000
++ true
+ PIDS=
+ '[' -n '' ']'
+ kill_port 8000
+ PORT=8000
+ command -v lsof
++ lsof -ti tcp:8000
++ true
+ PIDS=
+ '[' -n '' ']'
+ command -v gnome-terminal
+ echo 'ERROR: gnome-terminal is not installed.'
ERROR: gnome-terminal is not installed.
+ echo 'Install it with:'
Install it with:
+ echo 'sudo apt install gnome-terminal'
sudo apt install gnome-terminal
+ exit 1

====================================
Starting FC Production
Mon May 11 09:35:42 AM AEST 2026
====================================

Opening backend and frontend terminals...

Waiting for frontend at http://localhost:3000...
Waiting... 1
Waiting... 2
Waiting... 3
Waiting... 4
Waiting... 5
Waiting... 6
Waiting... 7
Waiting... 8
Waiting... 9
Waiting... 10
Waiting... 11
Waiting... 12
Waiting... 13
Waiting... 14
Waiting... 15
Waiting... 16
Waiting... 17
Waiting... 18
Waiting... 19
Waiting... 20
Waiting... 21
Waiting... 22
Waiting... 23
Waiting... 24

====================================
Starting FC Production
Mon May 11 09:36:10 AM AEST 2026
====================================

Opening backend and frontend terminals...

Waiting for frontend at http://localhost:3000...
Waiting... 1
Waiting... 2
Waiting... 3
Waiting... 4
Waiting... 5
Waiting... 6
Waiting... 7
Waiting... 8

====================================
Starting FC Production
Mon May 11 09:36:29 AM AEST 2026
====================================

Opening backend and frontend terminals...

Waiting for frontend at http://localhost:3000...
Waiting... 1
Waiting... 2
Waiting... 3
Waiting... 4
Waiting... 5
Waiting... 6
Waiting... 7
Waiting... 8
Waiting... 9
Waiting... 10
Waiting... 11
Waiting... 12
Waiting... 13
Waiting... 14
Waiting... 15
Waiting... 16
Waiting... 17
Waiting... 18
Waiting... 19
Waiting... 20
Waiting... 21
Waiting... 22
Waiting... 23
Waiting... 24
Waiting... 25
Waiting... 26
Waiting... 27
Waiting... 28
Waiting... 29
Waiting... 30
Waiting... 31
Waiting... 32
Waiting... 33
Waiting... 34
Waiting... 35
Waiting... 36
Waiting... 37
Waiting... 38
Waiting... 39
Waiting... 40
Waiting... 41
Waiting... 42
Waiting... 43
Waiting... 44
Waiting... 45
Waiting... 46
Waiting... 47
Waiting... 48
Waiting... 49
Waiting... 50
Waiting... 51
Waiting... 52
Waiting... 53
Waiting... 54
Waiting... 55
Waiting... 56
Waiting... 57
Waiting... 58
Waiting... 59
Waiting... 60
ERROR: Frontend did not respond at http://localhost:3000.
Check the FC Frontend terminal tab for errors.

====================================
Starting FC Production
Mon May 11 09:37:47 AM AEST 2026
====================================

Opening backend and frontend terminals...

Waiting for frontend at http://localhost:3000...
Waiting... 1
Waiting... 2
Waiting... 3
Waiting... 4
Waiting... 5
Waiting... 6

====================================
Starting FC Production
Mon May 11 09:38:11 AM AEST 2026
====================================

Opening backend and frontend terminals...

Waiting for frontend at http://localhost:3000...
Waiting... 1
Waiting... 2
Waiting... 3
Waiting... 4
Waiting... 5
Waiting... 6
Waiting... 7
Waiting... 8
Waiting... 9
Waiting... 10
Waiting... 11
Waiting... 12
Waiting... 13
Waiting... 14
Waiting... 15
Waiting... 16
Waiting... 17
Waiting... 18
Waiting... 19
Waiting... 20
Waiting... 21
Waiting... 22
Waiting... 23
Waiting... 24
Waiting... 25
Waiting... 26
Waiting... 27
Waiting... 28
Waiting... 29
Waiting... 30
Waiting... 31
Waiting... 32
Waiting... 33
Waiting... 34
Waiting... 35
Waiting... 36
Waiting... 37
Waiting... 38
Waiting... 39
Waiting... 40
Waiting... 41
Waiting... 42
Waiting... 43
Waiting... 44
Waiting... 45
Waiting... 46
Waiting... 47
Waiting... 48
Waiting... 49
Waiting... 50
Waiting... 51
Waiting... 52
Waiting... 53
Waiting... 54

====================================
Starting FC Production
Mon May 11 09:39:54 AM AEST 2026
====================================

Nothing running on port 3000.
Nothing running on port 8000.

Opening backend and frontend windows...


Waiting for frontend at http://localhost:3000...

Waiting... 1
Waiting... 2

Frontend is ready.
Opening browser...

FC Production started.

====================================
Starting FC Production
Mon May 11 09:40:47 AM AEST 2026
====================================

Nothing running on port 3000.
Nothing running on port 8000.

Opening backend and frontend windows...


Waiting for frontend at http://localhost:3000...

Waiting... 1

Frontend is ready.
Opening browser...

FC Production started.

====================================
Starting FC Production
Mon May 11 09:42:05 AM AEST 2026
====================================

Nothing running on port 3000.
Nothing running on port 8000.

Opening backend and frontend windows...


Waiting for frontend at http://localhost:3000...

Waiting... 1

Frontend is ready.
Opening browser...

FC Production started.

====================================
Starting FC Production
Mon May 11 09:42:41 AM AEST 2026
====================================

Nothing running on port 3000.
Nothing running on port 8000.

Opening backend and frontend windows...


Waiting for frontend at http://localhost:3000...

Waiting... 1

Frontend is ready.
Opening browser...

FC Production started.

====================================
Starting FC Production
Mon May 11 09:43:28 AM AEST 2026
====================================

Nothing running on port 3000.
Stopping existing process on port 8000: 307834
307836

Opening backend and frontend windows...


Waiting for frontend at http://localhost:3000...


Frontend is ready.
Opening browser...


====================================
Starting FC Production
Mon May 11 09:44:52 AM AEST 2026
====================================

Nothing running on port 3000.
Nothing running on port 8000.

Opening backend and frontend windows...


Waiting for frontend at http://localhost:3000...

Waiting... 1

Frontend is ready.
Opening browser...

FC Production started.

====================================
Starting FC Production
Mon May 11 10:29:46 AM AEST 2026
====================================

Nothing running on port 3000.
Nothing running on port 8000.

Opening backend and frontend windows...


Waiting for frontend at http://localhost:3000...

Waiting... 1

Frontend is ready.
Opening browser...

FC Production started.

====================================
Starting FC Production
Mon May 11 11:30:23 AM AEST 2026
====================================

Nothing running on port 3000.
Nothing running on port 8000.

Opening backend and frontend windows...


Waiting for frontend at http://localhost:3000...

Waiting... 1

Frontend is ready.
Opening browser...


====================================
Starting FC Production
Mon May 11 11:35:36 AM AEST 2026
====================================

Nothing running on port 3000.
Nothing running on port 8000.

Opening backend and frontend windows...


Waiting for frontend at http://localhost:3000...

Waiting... 1

Frontend is ready.
Opening browser...

FC Production started.

====================================
Starting FC Production
Mon May 11 03:58:26 PM AEST 2026
====================================

Nothing running on port 3000.
Nothing running on port 8000.

Opening backend and frontend windows...


Waiting for frontend at http://localhost:3000...

Waiting... 1

Frontend is ready.
Opening browser...


====================================
Starting FC Production
Tue May 12 07:39:27 PM AEST 2026
====================================

Stopping existing process on port 3000: 349751
Stopping existing process on port 8000: 365209

Opening backend and frontend windows...


Waiting for frontend at http://localhost:3000...


Frontend is ready.
Opening browser...

FC Production started.

====================================
Starting FC Production
Thu May 14 09:30:44 AM AEST 2026
====================================

--- Stopping existing dev servers ---
Port 3000: clear.
Port 8000: clear.

Opening server windows...

  Backend terminal launched.
  Frontend terminal launched.

Waiting for frontend at http://localhost:3000...

Waiting... 1
Waiting... 2

Frontend is ready.
Opening browser...

FC Production started.

====================================
Starting FC Production
Thu May 14 11:27:41 AM AEST 2026
====================================

Backend already responding at http://127.0.0.1:8000 — will not restart it.
--- Stopping existing dev servers ---
Sending TERM to dev processes (PIDs: 437443)...
Port 3000: clear.
Port 8000: clear.

Opening server windows...

  Backend: already running, skipped.
  Frontend terminal launched.

Waiting for frontend at http://localhost:3000...

Waiting... 1

Frontend is ready.
Opening browser...

FC Production started.

====================================
Starting FC Production
Thu May 14 09:01:38 PM AEST 2026
====================================

--- Stopping existing dev servers ---
Port 3000: clear.
Port 8000: clear.

Opening server windows...

  Backend terminal launched.
  Frontend terminal launched.

Waiting for frontend at http://localhost:3000...

Waiting... 1
Waiting... 2

Frontend is ready.
Opening browser...

FC Production started.

====================================
Starting FC Production
Fri May 15 09:57:45 AM AEST 2026
====================================

Frontend already responding at http://localhost:3000 — will not restart it.
Backend already responding at http://127.0.0.1:8000 — will not restart it.
Opening server windows...

  Backend: already running, skipped.
  Frontend: already running, skipped.

Waiting for frontend at http://localhost:3000...


Frontend is ready.
Opening browser...


====================================
Starting FC Production
Fri May 15 01:03:50 PM AEST 2026
====================================

--- Stopping existing dev servers ---
Port 3000: clear.
Port 8000: clear.

Opening server windows...

  Backend terminal launched.
  Frontend terminal launched.

Waiting for frontend at http://localhost:3000...

Waiting... 1

Frontend is ready.
Opening browser...

FC Production started.

====================================
Starting FC Production
Fri May 15 02:08:23 PM AEST 2026
====================================

--- Stopping existing dev servers ---
Port 3000: clear.
Port 8000: clear.

Opening server windows...

  Backend terminal launched.
  Frontend terminal launched.

Waiting for frontend at http://localhost:3000...

Waiting... 1

Frontend is ready.
Opening browser...


====================================
Starting FC Production
Fri May 15 02:11:36 PM AEST 2026
====================================

--- Stopping existing dev servers ---
Port 3000: clear.
Port 8000: clear.

Opening server windows...

  Backend terminal launched.
  Frontend terminal launched.

Waiting for frontend at http://localhost:3000...

Waiting... 1

Frontend is ready.
Opening browser...

FC Production started.
